Exporting C:\Users\IF-SVC-FFGS-HYDRO\Desktop\Sam Howley\Bradford Streams\08132025\13_DO_01272025.hobo to 13_DO_01272025.csv
Exporting C:\Users\IF-SVC-FFGS-HYDRO\Desktop\Sam Howley\Bradford Streams\08132025\13_SpC_01272025.hobo to 13_SpC_01272025.csv
Exporting C:\Users\IF-SVC-FFGS-HYDRO\Desktop\Sam Howley\Bradford Streams\08132025\15_DO_09262025.hobo to 15_DO_09262025.csv
Exporting C:\Users\IF-SVC-FFGS-HYDRO\Desktop\Sam Howley\Bradford Streams\08132025\3_DO_09262025_3.hobo to 3_DO_09262025_3.csv
Exporting C:\Users\IF-SVC-FFGS-HYDRO\Desktop\Sam Howley\Bradford Streams\08132025\6_DO_02082024_6.hobo to 6_DO_02082024_6.csv
Exporting C:\Users\IF-SVC-FFGS-HYDRO\Desktop\Sam Howley\Bradford Streams\08132025\6_SpC.hobo to 6_SpC.csv
Exporting C:\Users\IF-SVC-FFGS-HYDRO\Desktop\Sam Howley\Bradford Streams\08132025\7_DO_09262025.hobo to 7_DO_09262025.csv
Exporting C:\Users\IF-SVC-FFGS-HYDRO\Desktop\Sam Howley\Bradford Streams\08132025\9_DO_09262025_9.hobo to 9_DO_09262025_9.csv
Exporting C:\Users\IF-SVC-FFGS-HYDRO\Desktop\Sam Howley\Bradford Streams\08132025\Bardford_6LL_Replace.hobo to Bardford_6LL_Replace.csv
Exporting C:\Users\IF-SVC-FFGS-HYDRO\Desktop\Sam Howley\Bradford Streams\08132025\Bradford6a_baro.hobo to Bradford6a_baro.csv
Exporting C:\Users\IF-SVC-FFGS-HYDRO\Desktop\Sam Howley\Bradford Streams\08132025\Bradford_13LL.hobo to Bradford_13LL.csv
Exporting C:\Users\IF-SVC-FFGS-HYDRO\Desktop\Sam Howley\Bradford Streams\08132025\Bradford_15.hobo to Bradford_15.csv
Exporting C:\Users\IF-SVC-FFGS-HYDRO\Desktop\Sam Howley\Bradford Streams\08132025\Bradford_3LL.hobo to Bradford_3LL.csv
Exporting C:\Users\IF-SVC-FFGS-HYDRO\Desktop\Sam Howley\Bradford Streams\08132025\Bradford_3con.hobo to Bradford_3con.csv
Exporting C:\Users\IF-SVC-FFGS-HYDRO\Desktop\Sam Howley\Bradford Streams\08132025\Bradford_5DO_9.26.25.hobo to Bradford_5DO_9.26.25.csv
Exporting C:\Users\IF-SVC-FFGS-HYDRO\Desktop\Sam Howley\Bradford Streams\08132025\Bradford_5LL.hobo to Bradford_5LL.csv
Exporting C:\Users\IF-SVC-FFGS-HYDRO\Desktop\Sam Howley\Bradford Streams\08132025\Bradford_5aLL.hobo to Bradford_5aLL.csv
Exporting C:\Users\IF-SVC-FFGS-HYDRO\Desktop\Sam Howley\Bradford Streams\08132025\Bradford_5a_con.hobo to Bradford_5a_con.csv
Exporting C:\Users\IF-SVC-FFGS-HYDRO\Desktop\Sam Howley\Bradford Streams\08132025\Bradford_5baro.hobo to Bradford_5baro.csv
Exporting C:\Users\IF-SVC-FFGS-HYDRO\Desktop\Sam Howley\Bradford Streams\08132025\Bradford_7LL.hobo to Bradford_7LL.csv
Exporting C:\Users\IF-SVC-FFGS-HYDRO\Desktop\Sam Howley\Bradford Streams\08132025\Bradford_9LL.hobo to Bradford_9LL.csv
Exporting C:\Users\IF-SVC-FFGS-HYDRO\Desktop\Sam Howley\Bradford Streams\08132025\Bradford_9cond.hobo to Bradford_9cond.csv
Exporting C:\Users\IF-SVC-FFGS-HYDRO\Desktop\Sam Howley\Bradford Streams\08132025\Bradford_DO15_09262025.hobo to Bradford_DO15_09262025.csv
Exporting C:\Users\IF-SVC-FFGS-HYDRO\Desktop\Sam Howley\Bradford Streams\08132025\DG3.hobo to DG3.csv
